// Jest Snapshot v1, https://goo.gl/fbAQLP

exports[`buble jest remove flow types 1`] = `
"\\"use strict\\";

!function(num) { return 0; };"
`;
